2026-08-24 16:30:30,836 - INFO - Downloading weather data for Andalucía...
2026-08-24 16:30:31,957 - ERROR - Failed to fetch weather for Andalucía: HTTP Error 400: Bad Request
2026-08-24 16:30:33,958 - INFO - Downloading weather data for Aragón...
2026-08-24 16:30:35,738 - ERROR - Failed to fetch weather for Aragón: HTTP Error 400: Bad Request
2026-08-24 16:30:37,739 - INFO - Downloading weather data for Cantabria...
2026-08-24 16:30:38,593 - ERROR - Failed to fetch weather for Cantabria: HTTP Error 400: Bad Request
2026-08-24 16:30:40,593 - INFO - Downloading weather data for Castilla la Mancha...
2026-08-24 16:30:41,218 - ERROR - Failed to fetch weather for Castilla la Mancha: HTTP Error 400: Bad Request
2026-08-24 16:30:43,218 - INFO - Downloading weather data for Castilla y León...
2026-08-24 16:30:43,828 - ERROR - Failed to fetch weather for Castilla y León: HTTP Error 400: Bad Request
2026-08-24 16:30:45,829 - INFO - Downloading weather data for Cataluña...
2026-08-24 16:30:46,441 - ERROR - Failed to fetch weather for Cataluña: HTTP Error 400: Bad Request
2026-08-24 16:30:48,442 - INFO - Downloading weather data for País Vasco...
2026-08-24 16:30:49,774 - ERROR - Failed to fetch weather for País Vasco: HTTP Error 400: Bad Request
2026-08-24 16:30:51,775 - INFO - Downloading weather data for Principado de Asturias...
2026-08-24 16:30:52,451 - ERROR - Failed to fetch weather for Principado de Asturias: HTTP Error 400: Bad Request
2026-08-24 16:30:54,452 - INFO - Downloading weather data for Comunidad de Ceuta...
2026-08-24 16:30:55,186 - ERROR - Failed to fetch weather for Comunidad de Ceuta: HTTP Error 400: Bad Request
2026-08-24 16:30:57,186 - INFO - Downloading weather data for Comunidad de Melilla...
2026-08-24 16:30:57,963 - ERROR - Failed to fetch weather for Comunidad de Melilla: HTTP Error 400: Bad Request
2026-08-24 16:30:59,964 - INFO - Downloading weather data for Comunidad de Madrid...
2026-08-24 16:31:00,604 - ERROR - Failed to fetch weather for Comunidad de Madrid: HTTP Error 400: Bad Request
2026-08-24 16:31:02,605 - INFO - Downloading weather data for Comunidad de Navarra...
2026-08-24 16:31:03,202 - ERROR - Failed to fetch weather for Comunidad de Navarra: HTTP Error 400: Bad Request
2026-08-24 16:31:05,203 - INFO - Downloading weather data for Comunidad Valenciana...
2026-08-24 16:31:06,863 - ERROR - Failed to fetch weather for Comunidad Valenciana: HTTP Error 400: Bad Request
2026-08-24 16:31:08,863 - INFO - Downloading weather data for Extremadura...
2026-08-24 16:31:09,726 - ERROR - Failed to fetch weather for Extremadura: HTTP Error 400: Bad Request
2026-08-24 16:31:11,727 - INFO - Downloading weather data for Galicia...
2026-08-24 16:31:12,530 - ERROR - Failed to fetch weather for Galicia: HTTP Error 400: Bad Request
2026-08-24 16:31:14,530 - INFO - Downloading weather data for Islas Baleares...
2026-08-24 16:31:15,285 - ERROR - Failed to fetch weather for Islas Baleares: HTTP Error 400: Bad Request
2026-08-24 16:31:17,286 - INFO - Downloading weather data for Islas Canarias...
2026-08-24 16:31:18,123 - ERROR - Failed to fetch weather for Islas Canarias: HTTP Error 400: Bad Request
2026-08-24 16:31:20,124 - INFO - Downloading weather data for La Rioja...
2026-08-24 16:31:20,994 - ERROR - Failed to fetch weather for La Rioja: HTTP Error 400: Bad Request
2026-08-24 16:31:22,995 - INFO - Downloading weather data for Región de Murcia...
2026-08-24 16:31:23,861 - ERROR - Failed to fetch weather for Región de Murcia: HTTP Error 400: Bad Request
2026-08-24 16:32:07,469 - INFO - Downloading weather data for Andalucía...
2026-08-24 16:32:21,633 - INFO - Successfully saved weather data for Andalucía
2026-08-24 16:32:23,634 - INFO - Downloading weather data for Aragón...
2026-08-24 16:32:33,895 - INFO - Successfully saved weather data for Aragón
2026-08-24 16:32:35,895 - INFO - Downloading weather data for Cantabria...
2026-08-24 16:32:47,509 - INFO - Successfully saved weather data for Cantabria
2026-08-24 16:32:49,509 - INFO - Downloading weather data for Castilla la Mancha...
2026-08-24 16:33:01,271 - INFO - Successfully saved weather data for Castilla la Mancha
2026-08-24 16:33:03,271 - INFO - Downloading weather data for Castilla y León...
2026-08-24 16:33:15,790 - INFO - Successfully saved weather data for Castilla y León
2026-08-24 16:33:17,791 - INFO - Downloading weather data for Cataluña...
2026-08-24 16:33:29,235 - INFO - Successfully saved weather data for Cataluña
2026-08-24 16:33:31,235 - INFO - Downloading weather data for País Vasco...
2026-08-24 16:33:46,511 - INFO - Successfully saved weather data for País Vasco
2026-08-24 16:33:48,511 - INFO - Downloading weather data for Principado de Asturias...
2026-08-24 16:34:01,528 - INFO - Successfully saved weather data for Principado de Asturias
2026-08-24 16:34:03,528 - INFO - Downloading weather data for Comunidad de Ceuta...
2026-08-24 16:34:15,749 - INFO - Successfully saved weather data for Comunidad de Ceuta
2026-08-24 16:34:17,750 - INFO - Downloading weather data for Comunidad de Melilla...
2026-08-24 16:34:28,706 - INFO - Successfully saved weather data for Comunidad de Melilla
2026-08-24 16:34:30,707 - INFO - Downloading weather data for Comunidad de Madrid...
2026-08-24 16:34:43,862 - INFO - Successfully saved weather data for Comunidad de Madrid
2026-08-24 16:34:45,862 - INFO - Downloading weather data for Comunidad de Navarra...
2026-08-24 16:34:56,177 - INFO - Successfully saved weather data for Comunidad de Navarra
2026-08-24 16:34:58,178 - INFO - Downloading weather data for Comunidad Valenciana...
2026-08-24 16:35:09,931 - INFO - Successfully saved weather data for Comunidad Valenciana
2026-08-24 16:35:11,931 - INFO - Downloading weather data for Extremadura...
2026-08-24 16:35:22,612 - INFO - Successfully saved weather data for Extremadura
2026-08-24 16:35:24,612 - INFO - Downloading weather data for Galicia...
2026-08-24 16:35:35,672 - INFO - Successfully saved weather data for Galicia
2026-08-24 16:35:37,673 - INFO - Downloading weather data for Islas Baleares...
2026-08-24 16:35:48,436 - INFO - Successfully saved weather data for Islas Baleares
2026-08-24 16:35:50,437 - INFO - Downloading weather data for Islas Canarias...
2026-08-24 16:36:02,290 - INFO - Successfully saved weather data for Islas Canarias
2026-08-24 16:36:04,291 - INFO - Downloading weather data for La Rioja...
2026-08-24 16:36:15,900 - INFO - Successfully saved weather data for La Rioja
2026-08-24 16:36:17,900 - INFO - Downloading weather data for Región de Murcia...
2026-08-24 16:36:28,501 - INFO - Successfully saved weather data for Región de Murcia
2026-08-26 00:35:10,281 - INFO - Downloading weather data for Andalucía...
2026-08-26 00:35:11,255 - ERROR - Failed to fetch weather for Andalucía: HTTP Error 400: Bad Request
2026-08-26 00:35:13,257 - INFO - Downloading weather data for Aragón...
2026-08-26 00:35:14,120 - ERROR - Failed to fetch weather for Aragón: HTTP Error 400: Bad Request
2026-08-26 00:35:16,121 - INFO - Downloading weather data for Cantabria...
2026-08-26 00:35:17,187 - ERROR - Failed to fetch weather for Cantabria: HTTP Error 400: Bad Request
2026-08-26 00:35:19,188 - INFO - Downloading weather data for Castilla la Mancha...
2026-08-26 00:35:20,197 - ERROR - Failed to fetch weather for Castilla la Mancha: HTTP Error 400: Bad Request
2026-08-26 00:35:22,198 - INFO - Downloading weather data for Castilla y León...
2026-08-26 00:35:24,805 - ERROR - Failed to fetch weather for Castilla y León: HTTP Error 400: Bad Request
2026-08-26 00:35:26,806 - INFO - Downloading weather data for Cataluña...
2026-08-26 00:35:27,675 - ERROR - Failed to fetch weather for Cataluña: HTTP Error 400: Bad Request
2026-08-26 00:35:29,676 - INFO - Downloading weather data for País Vasco...
2026-08-26 00:35:30,553 - ERROR - Failed to fetch weather for País Vasco: HTTP Error 400: Bad Request
2026-08-26 00:35:32,554 - INFO - Downloading weather data for Principado de Asturias...
2026-08-26 00:35:34,214 - ERROR - Failed to fetch weather for Principado de Asturias: HTTP Error 400: Bad Request
2026-08-26 00:35:36,215 - INFO - Downloading weather data for Comunidad de Ceuta...
2026-08-26 00:35:37,973 - ERROR - Failed to fetch weather for Comunidad de Ceuta: HTTP Error 400: Bad Request
2026-08-26 00:35:39,975 - INFO - Downloading weather data for Comunidad de Melilla...
2026-08-26 00:35:40,847 - ERROR - Failed to fetch weather for Comunidad de Melilla: HTTP Error 400: Bad Request
2026-08-26 00:36:02,505 - INFO - Downloading weather data for Andalucía...
2026-08-26 00:36:15,702 - INFO - Successfully saved weather data for Andalucía
2026-08-26 00:36:17,703 - INFO - Downloading weather data for Aragón...
2026-08-26 00:36:31,105 - INFO - Successfully saved weather data for Aragón
2026-08-26 00:36:33,106 - INFO - Downloading weather data for Cantabria...
2026-08-26 00:36:48,713 - INFO - Successfully saved weather data for Cantabria
2026-08-26 00:36:50,714 - INFO - Downloading weather data for Castilla la Mancha...
2026-08-26 00:37:07,052 - INFO - Successfully saved weather data for Castilla la Mancha
2026-08-26 00:37:09,053 - INFO - Downloading weather data for Castilla y León...
2026-08-26 00:37:26,930 - INFO - Successfully saved weather data for Castilla y León
2026-08-26 00:37:28,930 - INFO - Downloading weather data for Cataluña...
2026-08-26 00:37:43,223 - INFO - Successfully saved weather data for Cataluña
2026-08-26 00:37:45,224 - INFO - Downloading weather data for País Vasco...
2026-08-26 00:37:59,204 - INFO - Successfully saved weather data for País Vasco
2026-08-26 00:38:01,205 - INFO - Downloading weather data for Principado de Asturias...
2026-08-26 00:38:16,024 - INFO - Successfully saved weather data for Principado de Asturias
2026-08-26 00:38:18,025 - INFO - Downloading weather data for Comunidad de Ceuta...
2026-08-26 00:38:36,725 - INFO - Successfully saved weather data for Comunidad de Ceuta
2026-08-26 00:38:38,726 - INFO - Downloading weather data for Comunidad de Melilla...
2026-08-26 00:38:58,454 - INFO - Successfully saved weather data for Comunidad de Melilla
2026-08-26 00:39:00,454 - INFO - Downloading weather data for Comunidad de Madrid...
2026-08-26 00:39:15,246 - INFO - Successfully saved weather data for Comunidad de Madrid
2026-08-26 00:39:17,247 - INFO - Downloading weather data for Comunidad de Navarra...
2026-08-26 00:39:31,721 - INFO - Successfully saved weather data for Comunidad de Navarra
2026-08-26 00:39:33,721 - INFO - Downloading weather data for Comunidad Valenciana...
2026-08-26 00:39:48,311 - INFO - Successfully saved weather data for Comunidad Valenciana
2026-08-26 00:39:50,311 - INFO - Downloading weather data for Extremadura...
2026-08-26 00:40:08,462 - INFO - Successfully saved weather data for Extremadura
2026-08-26 00:40:10,462 - INFO - Downloading weather data for Galicia...
2026-08-26 00:40:25,291 - INFO - Successfully saved weather data for Galicia
2026-08-26 00:40:27,292 - INFO - Downloading weather data for Islas Baleares...
2026-08-26 00:40:42,248 - INFO - Successfully saved weather data for Islas Baleares
2026-08-26 00:40:44,249 - INFO - Downloading weather data for Islas Canarias...
2026-08-26 00:41:00,786 - INFO - Successfully saved weather data for Islas Canarias
2026-08-26 00:41:02,786 - INFO - Downloading weather data for La Rioja...
2026-08-26 00:41:17,240 - INFO - Successfully saved weather data for La Rioja
2026-08-26 00:41:19,241 - INFO - Downloading weather data for Región de Murcia...
2026-08-26 00:41:37,349 - INFO - Successfully saved weather data for Región de Murcia
